// Jest Snapshot v1, https://goo.gl/fbAQLP

exports[`Modal Componenet should take a snapshot 1`] = `<DocumentFragment />`;
